os	table
os.clock()	true	number	nil
os.date()	true	string	nil
os.difftime(123000, 21500)	true	number	nil
os.getenv()	false	string	nil
os.getenv("bogus.key")	true	nil	nil
os.setlocale("C")	true	string	nil
os.exit	function
os.date('%%')	true	%
os.date('%a')	true	Mon
os.date('%A')	true	Monday
os.date('%b')	true	Aug
os.date('%B')	true	August
os.date('%c')	true	Mon Aug 09 07:34:56 2010
os.date('%d')	true	09
os.date('%H')	true	07
os.date('%I')	true	07
os.date('%j')	true	221
os.date('%m')	true	08
os.date('%M')	true	34
os.date('%p')	true	AM
os.date('%S')	true	56
os.date('%U')	true	32
os.date('%w')	true	1
os.date('%W')	true	32
os.date('%x')	true	08/09/10
os.date('%X')	true	07:34:56
os.date('%y')	true	10
os.date('%Y')	true	2010
k	string	year	v	number	2010
k	string	month	v	number	8
k	string	day	v	number	9
k	string	hour	v	number	7
k	string	min	v	number	34
k	string	sec	v	number	56
k	string	wday	v	number	2
k	string	yday	v	number	221
k	string	isdst	v	boolean	true
type(os.time())	number
os.date("%Y-%m-%d %H:%M:%S", os.time({year=1971, month=2, day=25}))	1971-02-25 12:00:00
os.date("%Y-%m-%d %H:%M:%S", os.time({year=1971, month=2, day=25, hour=11, min=22, sec=33}))	1971-02-25 11:22:33
