====== require ======
--- checkallpass
-		require('math')	table
-		require('coroutine')	table
-		require('package')	table
-		require('string')	table
-		require('table')	table
--- checkallerrors
-		require(1.25)	...not found...
--- checkallerrors
-		require(nil)	...bad argument...
-		require(true)	...bad argument...
-		require(<function>)	...bad argument...
-		require(<table>)	...bad argument...
